// Jest Snapshot v1, https://goo.gl/fbAQLP

exports[`TokenWidget renders an empty view widget based on @plone/volto Tags component 1`] = `
<span
  className="token widget"
>
  
</span>
`;

exports[`TokenWidget renders view widget based on @plone/volto Tags component 1`] = `
<span
  className="meta tags token widget"
>
  <a
    className="ui label"
    href="/search?Subject=foo"
  >
    foo
  </a>
  <a
    className="ui label"
    href="/search?Subject=bar"
  >
    bar
  </a>
</span>
`;
